// Jest Snapshot v1, https://goo.gl/fbAQLP

exports[`renders active options differently 1`] = `
"Snapshot Diff:
- First value
+ Second value

@@ -20,11 +20,11 @@
             (
            1
            )
          </div>
          <div
-           class=\\"SongFilterPanel__FilterOption-sc-1esthvi-4 kafzeo\\"
+           class=\\"SongFilterPanel__FilterOption-sc-1esthvi-4 iYSQTL\\"
          >
            G
             (
            2
            )"
`;
